[
    {
        "category_id": 1,
        "description": "C++ class libraries for network-centric, portable applications, complete edition with debug libraries",
        "first_submitted": 1193569357,
        "id": 189701,
        "last_modified": 1433875194,
        "license": "custom:boost",
        "maintainer": "ido",
        "name": "poco",
        "num_votes": 87,
        "out_of_date": false,
        "package_base": "poco",
        "package_base_id": 13487,
        "popularity": 0,
        "url": "http://www.pocoproject.org/",
        "url_path": "/cgit/aur.git/snapshot/poco.tar.gz",
        "version": "1.6.0-1"
    },
    {
        "category_id": 1,
        "description": "A generator of arithmetic cores (Floating-Point Cores, but not only) for FPGAs (but not only)",
        "first_submitted": 1377118989,
        "id": 202080,
        "last_modified": 1435126835,
        "license": "custom",
        "maintainer": "marzoul",
        "name": "flopoco",
        "num_votes": 1,
        "out_of_date": false,
        "package_base": "flopoco",
        "package_base_id": 72798,
        "popularity": 0,
        "url": "http://flopoco.gforge.inria.fr/",
        "url_path": "/cgit/aur.git/snapshot/flopoco.tar.gz",
        "version": "2.5.0-1"
    },
    {
        "category_id": 1,
        "description": "C++ class libraries for network-centric, portable applications, basic edition",
        "first_submitted": 1382130102,
        "id": 219477,
        "last_modified": 1439120781,
        "license": "custom:boost",
        "maintainer": "Raimar",
        "name": "libpoco-basic",
        "num_votes": 1,
        "out_of_date": false,
        "package_base": "libpoco-basic",
        "package_base_id": 74539,
        "popularity": 0,
        "url": "http://www.pocoproject.org",
        "url_path": "/cgit/aur.git/snapshot/libpoco-basic.tar.gz",
        "version": "1.6.1-1"
    }
]